// Jest Snapshot v1, https://goo.gl/fbAQLP

exports[`CopyCol component matches the snapshot 1`] = `ShallowWrapper {}`;
