// Jest Snapshot v1, https://goo.gl/fbAQLP

exports[`Search component matches the snapshot 1`] = `ShallowWrapper {}`;
