// Jest Snapshot v1, https://goo.gl/fbAQLP

exports[`ExploreCta component matches the snapshot 1`] = `ShallowWrapper {}`;
