// Jest Snapshot v1, https://goo.gl/fbAQLP

exports[`BenchmarkPanel component matches the snapshot 1`] = `ShallowWrapper {}`;
