// Jest Snapshot v1, https://goo.gl/fbAQLP

exports[`Breadcrumb component matches the snapshot 1`] = `ShallowWrapper {}`;
