// Jest Snapshot v1, https://goo.gl/fbAQLP

exports[`FloatingFooter component matches the snapshot 1`] = `ShallowWrapper {}`;
