// Jest Snapshot v1, https://goo.gl/fbAQLP

exports[`ContainerInner component matches the snapshot 1`] = `ShallowWrapper {}`;
