// Jest Snapshot v1, https://goo.gl/fbAQLP

exports[`Masthead component matches the snapshot 1`] = `ShallowWrapper {}`;
