// Jest Snapshot v1, https://goo.gl/fbAQLP

exports[`CashflowBreakdown component matches the snapshot 1`] = `ShallowWrapper {}`;
