// Jest Snapshot v1, https://goo.gl/fbAQLP

exports[`FeatureList component matches the snapshot 1`] = `ShallowWrapper {}`;
