// Jest Snapshot v1, https://goo.gl/fbAQLP

exports[`SearchPanel component matches the snapshot 1`] = `ShallowWrapper {}`;
