// Jest Snapshot v1, https://goo.gl/fbAQLP

exports[`ServicePage component matches the snapshot 1`] = `ShallowWrapper {}`;
